2025-10-30T18:25:29.492Z INFO SharedStateManager initialized
2025-10-30T18:25:29.495Z INFO Is remote: false
2025-10-30T18:25:29.502Z INFO Starting Local. Installation path: e:\CDAC PREP 2025\CDAC\WPT
2025-10-30T18:25:29.505Z INFO [MainProvider] Creating new MainProvider instance...
2025-10-30T18:25:29.510Z INFO Installation path exists: e:\CDAC PREP 2025\CDAC\WPT
2025-10-30T18:25:29.511Z INFO Initializing database with URL: file:e:\CDAC PREP 2025\CDAC\WPT\pythagora-core\data\database\pythagora.db
2025-10-30T18:25:29.524Z INFO Database file exists, skipping prisma generate/push for faster startup
2025-10-30T18:25:29.525Z INFO Database initialized successfully
2025-10-30T18:25:29.526Z INFO [Migration] Checking for database migration...
2025-10-30T18:25:30.755Z INFO [Migration] No migration needed
2025-10-30T18:47:53.053Z INFO Closing entire Pythagora extension...
2025-10-30T18:47:53.132Z ERROR Error closing extension
Error: Canceled
Stack: Canceled: Canceled
    at new MR (file:///c:/Users/OFFICE/AppData/Local/Programs/Microsoft%20VS%20Code/resources/app/out/vs/workbench/api/node/extensionHostProcess.js:29:116391)
    at U4.U (file:///c:/Users/OFFICE/AppData/Local/Programs/Microsoft%20VS%20Code/resources/app/out/vs/workbench/api/node/extensionHostProcess.js:29:121001)
    at Proxy.s.<computed>.n.charCodeAt.s.<computed> (file:///c:/Users/OFFICE/AppData/Local/Programs/Microsoft%20VS%20Code/resources/app/out/vs/workbench/api/node/extensionHostProcess.js:29:118495)
    at iy.g (file:///c:/Users/OFFICE/AppData/Local/Programs/Microsoft%20VS%20Code/resources/app/out/vs/workbench/api/node/extensionHostProcess.js:114:41101)
    at iy.executeCommand (file:///c:/Users/OFFICE/AppData/Local/Programs/Microsoft%20VS%20Code/resources/app/out/vs/workbench/api/node/extensionHostProcess.js:114:40605)
    at Object.executeCommand (file:///c:/Users/OFFICE/AppData/Local/Programs/Microsoft%20VS%20Code/resources/app/out/vs/workbench/api/node/extensionHostProcess.js:201:105071)
    at closeEntirePythagoraExtension (c:\Users\OFFICE\.vscode\extensions\pythagoratechnologies.pythagora-vs-code-2.5.24\out\extension.js:390:31)
    at Object.deactivate (c:\Users\OFFICE\.vscode\extensions\pythagoratechnologies.pythagora-vs-code-2.5.24\out\extension.js:295:15)
    at SZ.eb (file:///c:/Users/OFFICE/AppData/Local/Programs/Microsoft%20VS%20Code/resources/app/out/vs/workbench/api/node/extensionHostProcess.js:118:11797)
    at file:///c:/Users/OFFICE/AppData/Local/Programs/Microsoft%20VS%20Code/resources/app/out/vs/workbench/api/node/extensionHostProcess.js:118:9947
    at Array.map (<anonymous>)
    at SZ.$ (file:///c:/Users/OFFICE/AppData/Local/Programs/Microsoft%20VS%20Code/resources/app/out/vs/workbench/api/node/extensionHostProcess.js:118:9935)
    at SZ.terminate (file:///c:/Users/OFFICE/AppData/Local/Programs/Microsoft%20VS%20Code/resources/app/out/vs/workbench/api/node/extensionHostProcess.js:118:10178)
    at H3.terminate (file:///c:/Users/OFFICE/AppData/Local/Programs/Microsoft%20VS%20Code/resources/app/out/vs/workbench/api/node/extensionHostProcess.js:120:914)
    at Ss (file:///c:/Users/OFFICE/AppData/Local/Programs/Microsoft%20VS%20Code/resources/app/out/vs/workbench/api/node/extensionHostProcess.js:393:10409)
    at MessagePortMain.<anonymous> (file:///c:/Users/OFFICE/AppData/Local/Programs/Microsoft%20VS%20Code/resources/app/out/vs/workbench/api/node/extensionHostProcess.js:393:6948)
    at MessagePortMain.emit (node:events:519:28)
    at MessagePortMain.emit (node:domain:489:12)
    at Object.MessagePortMain._internalPort.emit (node:electron/js2c/utility_init:2:2949)
Extra context: {
  "message": "Canceled"
}
