2025-10-18T03:08:49.460Z INFO SharedStateManager initialized
2025-10-18T03:08:49.461Z INFO Is remote: false
2025-10-18T03:08:49.461Z INFO Starting Local. Installation path: undefined
2025-10-18T03:08:49.462Z INFO [MainProvider] Creating new MainProvider instance...
2025-10-18T03:08:49.463Z INFO Installation path exists: e:\CDAC PREP 2025\CDAC\WPT\My_Work\simple_HTM
2025-10-18T03:08:49.464Z INFO Initializing database with URL: file:C:\Users\OFFICE\AppData\Local\Temp\pythagora-temp\pythagora.db
2025-10-18T03:08:49.469Z INFO [c:\Users\OFFICE\.vscode\extensions\pythagoratechnologies.pythagora-vs-code-2.5.19] Project root:
2025-10-18T03:08:49.469Z INFO [c:\Users\OFFICE\.vscode\extensions\pythagoratechnologies.pythagora-vs-code-2.5.19\prisma\schema.prisma] Schema path:
2025-10-18T03:08:49.470Z INFO [file:C:\Users\OFFICE\AppData\Local\Temp\pythagora-temp\pythagora.db] Database URL:
2025-10-18T03:08:49.471Z INFO [true] Schema exists:
2025-10-18T03:08:49.471Z INFO Running prisma generate first...
2025-10-18T03:08:49.533Z ERROR Database initialization error
Error: Command failed: node "c:\Users\OFFICE\.vscode\extensions\pythagoratechnologies.pythagora-vs-code-2.5.19\node_modules\prisma\build\index.js" generate --schema="c:\Users\OFFICE\.vscode\extensions\pythagoratechnologies.pythagora-vs-code-2.5.19\prisma\schema.prisma"
'node' is not recognized as an internal or external command,
operable program or batch file.

Stack: Error: Command failed: node "c:\Users\OFFICE\.vscode\extensions\pythagoratechnologies.pythagora-vs-code-2.5.19\node_modules\prisma\build\index.js" generate --schema="c:\Users\OFFICE\.vscode\extensions\pythagoratechnologies.pythagora-vs-code-2.5.19\prisma\schema.prisma"
'node' is not recognized as an internal or external command,
operable program or batch file.

    at genericNodeError (node:internal/errors:983:15)
    at wrappedFn (node:internal/errors:537:14)
    at checkExecSyncError (node:child_process:948:11)
    at execSync (node:child_process:1020:15)
    at node:electron/js2c/node_init:2:17346
    at PrismaSession.ensureDatabaseSync (c:\Users\OFFICE\.vscode\extensions\pythagoratechnologies.pythagora-vs-code-2.5.19\out\core\CustomPrismaSession.js:83:65)
    at new PrismaSession (c:\Users\OFFICE\.vscode\extensions\pythagoratechnologies.pythagora-vs-code-2.5.19\out\core\CustomPrismaSession.js:17:18)
    at PrismaSession.getInstance (c:\Users\OFFICE\.vscode\extensions\pythagoratechnologies.pythagora-vs-code-2.5.19\out\core\CustomPrismaSession.js:28:38)
    at initializeDatabase (c:\Users\OFFICE\.vscode\extensions\pythagoratechnologies.pythagora-vs-code-2.5.19\out\extension.js:39:45)
    at activate (c:\Users\OFFICE\.vscode\extensions\pythagoratechnologies.pythagora-vs-code-2.5.19\out\extension.js:105:15)
    at Gb.n (file:///c:/Users/OFFICE/AppData/Local/Programs/Microsoft%20VS%20Code/resources/app/out/vs/workbench/api/node/extensionHostProcess.js:114:13382)
    at Gb.m (file:///c:/Users/OFFICE/AppData/Local/Programs/Microsoft%20VS%20Code/resources/app/out/vs/workbench/api/node/extensionHostProcess.js:114:13345)
    at Gb.l (file:///c:/Users/OFFICE/AppData/Local/Programs/Microsoft%20VS%20Code/resources/app/out/vs/workbench/api/node/extensionHostProcess.js:114:12801)
Extra context: {
  "stdout": "",
  "stderr": "'node' is not recognized as an internal or external command,\r\noperable program or batch file.\r\n",
  "signal": null,
  "message": "Command failed: node \"c:\\Users\\OFFICE\\.vscode\\extensions\\pythagoratechnologies.pythagora-vs-code-2.5.19\\node_modules\\prisma\\build\\index.js\" generate --schema=\"c:\\Users\\OFFICE\\.vscode\\extensions\\pythagoratechnologies.pythagora-vs-code-2.5.19\\prisma\\schema.prisma\"\n'node' is not recognized as an internal or external command,\r\noperable program or batch file.\r\n"
}
2025-10-18T03:08:49.544Z ERROR Failed to ensure database
Error: Command failed: node "c:\Users\OFFICE\.vscode\extensions\pythagoratechnologies.pythagora-vs-code-2.5.19\node_modules\prisma\build\index.js" generate --schema="c:\Users\OFFICE\.vscode\extensions\pythagoratechnologies.pythagora-vs-code-2.5.19\prisma\schema.prisma"
'node' is not recognized as an internal or external command,
operable program or batch file.

Stack: Error: Command failed: node "c:\Users\OFFICE\.vscode\extensions\pythagoratechnologies.pythagora-vs-code-2.5.19\node_modules\prisma\build\index.js" generate --schema="c:\Users\OFFICE\.vscode\extensions\pythagoratechnologies.pythagora-vs-code-2.5.19\prisma\schema.prisma"
'node' is not recognized as an internal or external command,
operable program or batch file.

    at genericNodeError (node:internal/errors:983:15)
    at wrappedFn (node:internal/errors:537:14)
    at checkExecSyncError (node:child_process:948:11)
    at execSync (node:child_process:1020:15)
    at node:electron/js2c/node_init:2:17346
    at PrismaSession.ensureDatabaseSync (c:\Users\OFFICE\.vscode\extensions\pythagoratechnologies.pythagora-vs-code-2.5.19\out\core\CustomPrismaSession.js:83:65)
    at new PrismaSession (c:\Users\OFFICE\.vscode\extensions\pythagoratechnologies.pythagora-vs-code-2.5.19\out\core\CustomPrismaSession.js:17:18)
    at PrismaSession.getInstance (c:\Users\OFFICE\.vscode\extensions\pythagoratechnologies.pythagora-vs-code-2.5.19\out\core\CustomPrismaSession.js:28:38)
    at initializeDatabase (c:\Users\OFFICE\.vscode\extensions\pythagoratechnologies.pythagora-vs-code-2.5.19\out\extension.js:39:45)
    at activate (c:\Users\OFFICE\.vscode\extensions\pythagoratechnologies.pythagora-vs-code-2.5.19\out\extension.js:105:15)
    at Gb.n (file:///c:/Users/OFFICE/AppData/Local/Programs/Microsoft%20VS%20Code/resources/app/out/vs/workbench/api/node/extensionHostProcess.js:114:13382)
    at Gb.m (file:///c:/Users/OFFICE/AppData/Local/Programs/Microsoft%20VS%20Code/resources/app/out/vs/workbench/api/node/extensionHostProcess.js:114:13345)
    at Gb.l (file:///c:/Users/OFFICE/AppData/Local/Programs/Microsoft%20VS%20Code/resources/app/out/vs/workbench/api/node/extensionHostProcess.js:114:12801)
Extra context: {
  "stdout": "",
  "stderr": "'node' is not recognized as an internal or external command,\r\noperable program or batch file.\r\n",
  "signal": null,
  "message": "Command failed: node \"c:\\Users\\OFFICE\\.vscode\\extensions\\pythagoratechnologies.pythagora-vs-code-2.5.19\\node_modules\\prisma\\build\\index.js\" generate --schema=\"c:\\Users\\OFFICE\\.vscode\\extensions\\pythagoratechnologies.pythagora-vs-code-2.5.19\\prisma\\schema.prisma\"\n'node' is not recognized as an internal or external command,\r\noperable program or batch file.\r\n"
}
2025-10-18T03:08:49.544Z INFO Database initialized successfully
2025-10-18T03:08:49.546Z INFO [Migration] Checking for database migration...
2025-10-18T03:08:49.547Z INFO [Migration] No migration needed
2025-10-18T03:29:09.749Z INFO Closing entire Pythagora extension...
2025-10-18T03:29:09.842Z ERROR Error closing extension
Error: Canceled
Stack: Canceled: Canceled
    at new MR (file:///c:/Users/OFFICE/AppData/Local/Programs/Microsoft%20VS%20Code/resources/app/out/vs/workbench/api/node/extensionHostProcess.js:29:116391)
    at U4.U (file:///c:/Users/OFFICE/AppData/Local/Programs/Microsoft%20VS%20Code/resources/app/out/vs/workbench/api/node/extensionHostProcess.js:29:121001)
    at Proxy.s.<computed>.n.charCodeAt.s.<computed> (file:///c:/Users/OFFICE/AppData/Local/Programs/Microsoft%20VS%20Code/resources/app/out/vs/workbench/api/node/extensionHostProcess.js:29:118495)
    at iy.g (file:///c:/Users/OFFICE/AppData/Local/Programs/Microsoft%20VS%20Code/resources/app/out/vs/workbench/api/node/extensionHostProcess.js:114:41101)
    at iy.executeCommand (file:///c:/Users/OFFICE/AppData/Local/Programs/Microsoft%20VS%20Code/resources/app/out/vs/workbench/api/node/extensionHostProcess.js:114:40605)
    at Object.executeCommand (file:///c:/Users/OFFICE/AppData/Local/Programs/Microsoft%20VS%20Code/resources/app/out/vs/workbench/api/node/extensionHostProcess.js:201:105071)
    at closeEntirePythagoraExtension (c:\Users\OFFICE\.vscode\extensions\pythagoratechnologies.pythagora-vs-code-2.5.19\out\extension.js:381:31)
    at Object.deactivate (c:\Users\OFFICE\.vscode\extensions\pythagoratechnologies.pythagora-vs-code-2.5.19\out\extension.js:291:15)
    at SZ.eb (file:///c:/Users/OFFICE/AppData/Local/Programs/Microsoft%20VS%20Code/resources/app/out/vs/workbench/api/node/extensionHostProcess.js:118:11797)
    at file:///c:/Users/OFFICE/AppData/Local/Programs/Microsoft%20VS%20Code/resources/app/out/vs/workbench/api/node/extensionHostProcess.js:118:9947
    at Array.map (<anonymous>)
    at SZ.$ (file:///c:/Users/OFFICE/AppData/Local/Programs/Microsoft%20VS%20Code/resources/app/out/vs/workbench/api/node/extensionHostProcess.js:118:9935)
    at SZ.terminate (file:///c:/Users/OFFICE/AppData/Local/Programs/Microsoft%20VS%20Code/resources/app/out/vs/workbench/api/node/extensionHostProcess.js:118:10178)
    at H3.terminate (file:///c:/Users/OFFICE/AppData/Local/Programs/Microsoft%20VS%20Code/resources/app/out/vs/workbench/api/node/extensionHostProcess.js:120:914)
    at Ss (file:///c:/Users/OFFICE/AppData/Local/Programs/Microsoft%20VS%20Code/resources/app/out/vs/workbench/api/node/extensionHostProcess.js:393:10409)
    at MessagePortMain.<anonymous> (file:///c:/Users/OFFICE/AppData/Local/Programs/Microsoft%20VS%20Code/resources/app/out/vs/workbench/api/node/extensionHostProcess.js:393:6948)
    at MessagePortMain.emit (node:events:519:28)
    at MessagePortMain.emit (node:domain:489:12)
    at Object.MessagePortMain._internalPort.emit (node:electron/js2c/utility_init:2:2949)
    at Object.topLevelDomainCallback (node:domain:161:15)
    at Object.callbackTrampoline (node:internal/async_hooks:128:24)
Extra context: {
  "message": "Canceled"
}
