2025-10-22T04:22:17.050Z INFO SharedStateManager initialized
2025-10-22T04:22:17.051Z INFO Is remote: false
2025-10-22T04:22:17.052Z INFO Starting Local. Installation path: undefined
2025-10-22T04:22:17.053Z INFO [MainProvider] Creating new MainProvider instance...
2025-10-22T04:22:17.055Z INFO Installation path exists: e:\CDAC PREP 2025\CDAC\WPT\Assignments\New folder\New folder
2025-10-22T04:22:17.056Z INFO Initializing database with URL: file:C:\Users\OFFICE\AppData\Local\Temp\pythagora-temp\pythagora.db
2025-10-22T04:22:17.063Z INFO New database detected, running full prisma setup...
2025-10-22T04:22:17.064Z INFO [c:\Users\OFFICE\.vscode\extensions\pythagoratechnologies.pythagora-vs-code-2.5.21] Project root:
2025-10-22T04:22:17.066Z INFO [c:\Users\OFFICE\.vscode\extensions\pythagoratechnologies.pythagora-vs-code-2.5.21\prisma\schema.prisma] Schema path:
2025-10-22T04:22:17.067Z INFO [file:C:\Users\OFFICE\AppData\Local\Temp\pythagora-temp\pythagora.db] Database URL:
2025-10-22T04:22:17.067Z INFO [true] Schema exists:
2025-10-22T04:22:17.068Z INFO Running prisma generate first...
2025-10-22T04:22:17.163Z ERROR Database initialization error
Error: Command failed: node "c:\Users\OFFICE\.vscode\extensions\pythagoratechnologies.pythagora-vs-code-2.5.21\node_modules\prisma\build\index.js" generate --schema="c:\Users\OFFICE\.vscode\extensions\pythagoratechnologies.pythagora-vs-code-2.5.21\prisma\schema.prisma"
'node' is not recognized as an internal or external command,
operable program or batch file.

Stack: Error: Command failed: node "c:\Users\OFFICE\.vscode\extensions\pythagoratechnologies.pythagora-vs-code-2.5.21\node_modules\prisma\build\index.js" generate --schema="c:\Users\OFFICE\.vscode\extensions\pythagoratechnologies.pythagora-vs-code-2.5.21\prisma\schema.prisma"
'node' is not recognized as an internal or external command,
operable program or batch file.

    at genericNodeError (node:internal/errors:983:15)
    at wrappedFn (node:internal/errors:537:14)
    at checkExecSyncError (node:child_process:948:11)
    at execSync (node:child_process:1020:15)
    at node:electron/js2c/node_init:2:17346
    at PrismaSession.ensureDatabaseSync (c:\Users\OFFICE\.vscode\extensions\pythagoratechnologies.pythagora-vs-code-2.5.21\out\core\CustomPrismaSession.js:91:65)
    at new PrismaSession (c:\Users\OFFICE\.vscode\extensions\pythagoratechnologies.pythagora-vs-code-2.5.21\out\core\CustomPrismaSession.js:17:18)
    at PrismaSession.getInstance (c:\Users\OFFICE\.vscode\extensions\pythagoratechnologies.pythagora-vs-code-2.5.21\out\core\CustomPrismaSession.js:28:38)
    at initializeDatabase (c:\Users\OFFICE\.vscode\extensions\pythagoratechnologies.pythagora-vs-code-2.5.21\out\extension.js:39:45)
    at activate (c:\Users\OFFICE\.vscode\extensions\pythagoratechnologies.pythagora-vs-code-2.5.21\out\extension.js:105:15)
    at Gb.n (file:///c:/Users/OFFICE/AppData/Local/Programs/Microsoft%20VS%20Code/resources/app/out/vs/workbench/api/node/extensionHostProcess.js:114:13382)
    at Gb.m (file:///c:/Users/OFFICE/AppData/Local/Programs/Microsoft%20VS%20Code/resources/app/out/vs/workbench/api/node/extensionHostProcess.js:114:13345)
    at Gb.l (file:///c:/Users/OFFICE/AppData/Local/Programs/Microsoft%20VS%20Code/resources/app/out/vs/workbench/api/node/extensionHostProcess.js:114:12801)
Extra context: {
  "stdout": "",
  "stderr": "'node' is not recognized as an internal or external command,\r\noperable program or batch file.\r\n",
  "signal": null,
  "message": "Command failed: node \"c:\\Users\\OFFICE\\.vscode\\extensions\\pythagoratechnologies.pythagora-vs-code-2.5.21\\node_modules\\prisma\\build\\index.js\" generate --schema=\"c:\\Users\\OFFICE\\.vscode\\extensions\\pythagoratechnologies.pythagora-vs-code-2.5.21\\prisma\\schema.prisma\"\n'node' is not recognized as an internal or external command,\r\noperable program or batch file.\r\n"
}
2025-10-22T04:22:17.179Z ERROR Failed to ensure database
Error: Command failed: node "c:\Users\OFFICE\.vscode\extensions\pythagoratechnologies.pythagora-vs-code-2.5.21\node_modules\prisma\build\index.js" generate --schema="c:\Users\OFFICE\.vscode\extensions\pythagoratechnologies.pythagora-vs-code-2.5.21\prisma\schema.prisma"
'node' is not recognized as an internal or external command,
operable program or batch file.

Stack: Error: Command failed: node "c:\Users\OFFICE\.vscode\extensions\pythagoratechnologies.pythagora-vs-code-2.5.21\node_modules\prisma\build\index.js" generate --schema="c:\Users\OFFICE\.vscode\extensions\pythagoratechnologies.pythagora-vs-code-2.5.21\prisma\schema.prisma"
'node' is not recognized as an internal or external command,
operable program or batch file.

    at genericNodeError (node:internal/errors:983:15)
    at wrappedFn (node:internal/errors:537:14)
    at checkExecSyncError (node:child_process:948:11)
    at execSync (node:child_process:1020:15)
    at node:electron/js2c/node_init:2:17346
    at PrismaSession.ensureDatabaseSync (c:\Users\OFFICE\.vscode\extensions\pythagoratechnologies.pythagora-vs-code-2.5.21\out\core\CustomPrismaSession.js:91:65)
    at new PrismaSession (c:\Users\OFFICE\.vscode\extensions\pythagoratechnologies.pythagora-vs-code-2.5.21\out\core\CustomPrismaSession.js:17:18)
    at PrismaSession.getInstance (c:\Users\OFFICE\.vscode\extensions\pythagoratechnologies.pythagora-vs-code-2.5.21\out\core\CustomPrismaSession.js:28:38)
    at initializeDatabase (c:\Users\OFFICE\.vscode\extensions\pythagoratechnologies.pythagora-vs-code-2.5.21\out\extension.js:39:45)
    at activate (c:\Users\OFFICE\.vscode\extensions\pythagoratechnologies.pythagora-vs-code-2.5.21\out\extension.js:105:15)
    at Gb.n (file:///c:/Users/OFFICE/AppData/Local/Programs/Microsoft%20VS%20Code/resources/app/out/vs/workbench/api/node/extensionHostProcess.js:114:13382)
    at Gb.m (file:///c:/Users/OFFICE/AppData/Local/Programs/Microsoft%20VS%20Code/resources/app/out/vs/workbench/api/node/extensionHostProcess.js:114:13345)
    at Gb.l (file:///c:/Users/OFFICE/AppData/Local/Programs/Microsoft%20VS%20Code/resources/app/out/vs/workbench/api/node/extensionHostProcess.js:114:12801)
Extra context: {
  "stdout": "",
  "stderr": "'node' is not recognized as an internal or external command,\r\noperable program or batch file.\r\n",
  "signal": null,
  "message": "Command failed: node \"c:\\Users\\OFFICE\\.vscode\\extensions\\pythagoratechnologies.pythagora-vs-code-2.5.21\\node_modules\\prisma\\build\\index.js\" generate --schema=\"c:\\Users\\OFFICE\\.vscode\\extensions\\pythagoratechnologies.pythagora-vs-code-2.5.21\\prisma\\schema.prisma\"\n'node' is not recognized as an internal or external command,\r\noperable program or batch file.\r\n"
}
2025-10-22T04:22:17.181Z INFO Database initialized successfully
2025-10-22T04:22:17.183Z INFO [Migration] Checking for database migration...
2025-10-22T04:22:17.185Z INFO [Migration] No migration needed
2025-10-22T04:25:14.859Z INFO Closing entire Pythagora extension...
2025-10-22T04:25:14.867Z ERROR Error closing extension
Error: Canceled
Stack: Canceled: Canceled
    at new MR (file:///c:/Users/OFFICE/AppData/Local/Programs/Microsoft%20VS%20Code/resources/app/out/vs/workbench/api/node/extensionHostProcess.js:29:116391)
    at U4.U (file:///c:/Users/OFFICE/AppData/Local/Programs/Microsoft%20VS%20Code/resources/app/out/vs/workbench/api/node/extensionHostProcess.js:29:121001)
    at Proxy.s.<computed>.n.charCodeAt.s.<computed> (file:///c:/Users/OFFICE/AppData/Local/Programs/Microsoft%20VS%20Code/resources/app/out/vs/workbench/api/node/extensionHostProcess.js:29:118495)
    at iy.g (file:///c:/Users/OFFICE/AppData/Local/Programs/Microsoft%20VS%20Code/resources/app/out/vs/workbench/api/node/extensionHostProcess.js:114:41101)
    at iy.executeCommand (file:///c:/Users/OFFICE/AppData/Local/Programs/Microsoft%20VS%20Code/resources/app/out/vs/workbench/api/node/extensionHostProcess.js:114:40605)
    at Object.executeCommand (file:///c:/Users/OFFICE/AppData/Local/Programs/Microsoft%20VS%20Code/resources/app/out/vs/workbench/api/node/extensionHostProcess.js:201:105071)
    at closeEntirePythagoraExtension (c:\Users\OFFICE\.vscode\extensions\pythagoratechnologies.pythagora-vs-code-2.5.21\out\extension.js:381:31)
    at Object.deactivate (c:\Users\OFFICE\.vscode\extensions\pythagoratechnologies.pythagora-vs-code-2.5.21\out\extension.js:291:15)
    at SZ.eb (file:///c:/Users/OFFICE/AppData/Local/Programs/Microsoft%20VS%20Code/resources/app/out/vs/workbench/api/node/extensionHostProcess.js:118:11797)
    at file:///c:/Users/OFFICE/AppData/Local/Programs/Microsoft%20VS%20Code/resources/app/out/vs/workbench/api/node/extensionHostProcess.js:118:9947
    at Array.map (<anonymous>)
    at SZ.$ (file:///c:/Users/OFFICE/AppData/Local/Programs/Microsoft%20VS%20Code/resources/app/out/vs/workbench/api/node/extensionHostProcess.js:118:9935)
    at SZ.terminate (file:///c:/Users/OFFICE/AppData/Local/Programs/Microsoft%20VS%20Code/resources/app/out/vs/workbench/api/node/extensionHostProcess.js:118:10178)
    at H3.terminate (file:///c:/Users/OFFICE/AppData/Local/Programs/Microsoft%20VS%20Code/resources/app/out/vs/workbench/api/node/extensionHostProcess.js:120:914)
    at Ss (file:///c:/Users/OFFICE/AppData/Local/Programs/Microsoft%20VS%20Code/resources/app/out/vs/workbench/api/node/extensionHostProcess.js:393:10409)
    at MessagePortMain.<anonymous> (file:///c:/Users/OFFICE/AppData/Local/Programs/Microsoft%20VS%20Code/resources/app/out/vs/workbench/api/node/extensionHostProcess.js:393:6948)
    at MessagePortMain.emit (node:events:519:28)
    at MessagePortMain.emit (node:domain:489:12)
    at Object.MessagePortMain._internalPort.emit (node:electron/js2c/utility_init:2:2949)
    at Object.topLevelDomainCallback (node:domain:161:15)
    at Object.callbackTrampoline (node:internal/async_hooks:128:24)
Extra context: {
  "message": "Canceled"
}
2025-10-22T09:25:40.631Z INFO SharedStateManager initialized
2025-10-22T09:25:40.689Z INFO Is remote: false
2025-10-22T09:25:40.690Z INFO Starting Local. Installation path: undefined
2025-10-22T09:25:40.690Z INFO [MainProvider] Creating new MainProvider instance...
2025-10-22T09:25:40.692Z INFO Installation path exists: e:\CDAC PREP 2025\CDAC\WPT\Assignments\Assignment No 02\New folder
2025-10-22T09:25:40.692Z INFO Initializing database with URL: file:C:\Users\OFFICE\AppData\Local\Temp\pythagora-temp\pythagora.db
2025-10-22T09:25:40.698Z INFO New database detected, running full prisma setup...
2025-10-22T09:25:40.698Z INFO [c:\Users\OFFICE\.vscode\extensions\pythagoratechnologies.pythagora-vs-code-2.5.22] Project root:
2025-10-22T09:25:40.699Z INFO [c:\Users\OFFICE\.vscode\extensions\pythagoratechnologies.pythagora-vs-code-2.5.22\prisma\schema.prisma] Schema path:
2025-10-22T09:25:40.699Z INFO [file:C:\Users\OFFICE\AppData\Local\Temp\pythagora-temp\pythagora.db] Database URL:
2025-10-22T09:25:40.700Z INFO [true] Schema exists:
2025-10-22T09:25:40.700Z INFO Running prisma generate first...
2025-10-22T09:25:40.794Z ERROR Database initialization error
Error: Command failed: node "c:\Users\OFFICE\.vscode\extensions\pythagoratechnologies.pythagora-vs-code-2.5.22\node_modules\prisma\build\index.js" generate --schema="c:\Users\OFFICE\.vscode\extensions\pythagoratechnologies.pythagora-vs-code-2.5.22\prisma\schema.prisma"
'node' is not recognized as an internal or external command,
operable program or batch file.

Stack: Error: Command failed: node "c:\Users\OFFICE\.vscode\extensions\pythagoratechnologies.pythagora-vs-code-2.5.22\node_modules\prisma\build\index.js" generate --schema="c:\Users\OFFICE\.vscode\extensions\pythagoratechnologies.pythagora-vs-code-2.5.22\prisma\schema.prisma"
'node' is not recognized as an internal or external command,
operable program or batch file.

    at genericNodeError (node:internal/errors:983:15)
    at wrappedFn (node:internal/errors:537:14)
    at checkExecSyncError (node:child_process:948:11)
    at execSync (node:child_process:1020:15)
    at node:electron/js2c/node_init:2:17346
    at PrismaSession.ensureDatabaseSync (c:\Users\OFFICE\.vscode\extensions\pythagoratechnologies.pythagora-vs-code-2.5.22\out\core\CustomPrismaSession.js:91:65)
    at new PrismaSession (c:\Users\OFFICE\.vscode\extensions\pythagoratechnologies.pythagora-vs-code-2.5.22\out\core\CustomPrismaSession.js:17:18)
    at PrismaSession.getInstance (c:\Users\OFFICE\.vscode\extensions\pythagoratechnologies.pythagora-vs-code-2.5.22\out\core\CustomPrismaSession.js:28:38)
    at initializeDatabase (c:\Users\OFFICE\.vscode\extensions\pythagoratechnologies.pythagora-vs-code-2.5.22\out\extension.js:39:45)
    at activate (c:\Users\OFFICE\.vscode\extensions\pythagoratechnologies.pythagora-vs-code-2.5.22\out\extension.js:105:15)
    at Gb.n (file:///c:/Users/OFFICE/AppData/Local/Programs/Microsoft%20VS%20Code/resources/app/out/vs/workbench/api/node/extensionHostProcess.js:114:13382)
    at Gb.m (file:///c:/Users/OFFICE/AppData/Local/Programs/Microsoft%20VS%20Code/resources/app/out/vs/workbench/api/node/extensionHostProcess.js:114:13345)
    at Gb.l (file:///c:/Users/OFFICE/AppData/Local/Programs/Microsoft%20VS%20Code/resources/app/out/vs/workbench/api/node/extensionHostProcess.js:114:12801)
Extra context: {
  "stdout": "",
  "stderr": "'node' is not recognized as an internal or external command,\r\noperable program or batch file.\r\n",
  "signal": null,
  "message": "Command failed: node \"c:\\Users\\OFFICE\\.vscode\\extensions\\pythagoratechnologies.pythagora-vs-code-2.5.22\\node_modules\\prisma\\build\\index.js\" generate --schema=\"c:\\Users\\OFFICE\\.vscode\\extensions\\pythagoratechnologies.pythagora-vs-code-2.5.22\\prisma\\schema.prisma\"\n'node' is not recognized as an internal or external command,\r\noperable program or batch file.\r\n"
}
2025-10-22T09:25:40.814Z ERROR Failed to ensure database
Error: Command failed: node "c:\Users\OFFICE\.vscode\extensions\pythagoratechnologies.pythagora-vs-code-2.5.22\node_modules\prisma\build\index.js" generate --schema="c:\Users\OFFICE\.vscode\extensions\pythagoratechnologies.pythagora-vs-code-2.5.22\prisma\schema.prisma"
'node' is not recognized as an internal or external command,
operable program or batch file.

Stack: Error: Command failed: node "c:\Users\OFFICE\.vscode\extensions\pythagoratechnologies.pythagora-vs-code-2.5.22\node_modules\prisma\build\index.js" generate --schema="c:\Users\OFFICE\.vscode\extensions\pythagoratechnologies.pythagora-vs-code-2.5.22\prisma\schema.prisma"
'node' is not recognized as an internal or external command,
operable program or batch file.

    at genericNodeError (node:internal/errors:983:15)
    at wrappedFn (node:internal/errors:537:14)
    at checkExecSyncError (node:child_process:948:11)
    at execSync (node:child_process:1020:15)
    at node:electron/js2c/node_init:2:17346
    at PrismaSession.ensureDatabaseSync (c:\Users\OFFICE\.vscode\extensions\pythagoratechnologies.pythagora-vs-code-2.5.22\out\core\CustomPrismaSession.js:91:65)
    at new PrismaSession (c:\Users\OFFICE\.vscode\extensions\pythagoratechnologies.pythagora-vs-code-2.5.22\out\core\CustomPrismaSession.js:17:18)
    at PrismaSession.getInstance (c:\Users\OFFICE\.vscode\extensions\pythagoratechnologies.pythagora-vs-code-2.5.22\out\core\CustomPrismaSession.js:28:38)
    at initializeDatabase (c:\Users\OFFICE\.vscode\extensions\pythagoratechnologies.pythagora-vs-code-2.5.22\out\extension.js:39:45)
    at activate (c:\Users\OFFICE\.vscode\extensions\pythagoratechnologies.pythagora-vs-code-2.5.22\out\extension.js:105:15)
    at Gb.n (file:///c:/Users/OFFICE/AppData/Local/Programs/Microsoft%20VS%20Code/resources/app/out/vs/workbench/api/node/extensionHostProcess.js:114:13382)
    at Gb.m (file:///c:/Users/OFFICE/AppData/Local/Programs/Microsoft%20VS%20Code/resources/app/out/vs/workbench/api/node/extensionHostProcess.js:114:13345)
    at Gb.l (file:///c:/Users/OFFICE/AppData/Local/Programs/Microsoft%20VS%20Code/resources/app/out/vs/workbench/api/node/extensionHostProcess.js:114:12801)
Extra context: {
  "stdout": "",
  "stderr": "'node' is not recognized as an internal or external command,\r\noperable program or batch file.\r\n",
  "signal": null,
  "message": "Command failed: node \"c:\\Users\\OFFICE\\.vscode\\extensions\\pythagoratechnologies.pythagora-vs-code-2.5.22\\node_modules\\prisma\\build\\index.js\" generate --schema=\"c:\\Users\\OFFICE\\.vscode\\extensions\\pythagoratechnologies.pythagora-vs-code-2.5.22\\prisma\\schema.prisma\"\n'node' is not recognized as an internal or external command,\r\noperable program or batch file.\r\n"
}
2025-10-22T09:25:40.814Z INFO Database initialized successfully
2025-10-22T09:25:40.815Z INFO [Migration] Checking for database migration...
2025-10-22T09:25:40.816Z INFO [Migration] No migration needed
2025-10-22T09:26:28.946Z INFO Closing entire Pythagora extension...
2025-10-22T09:26:28.957Z ERROR Error closing extension
Error: Canceled
Stack: Canceled: Canceled
    at new MR (file:///c:/Users/OFFICE/AppData/Local/Programs/Microsoft%20VS%20Code/resources/app/out/vs/workbench/api/node/extensionHostProcess.js:29:116391)
    at U4.U (file:///c:/Users/OFFICE/AppData/Local/Programs/Microsoft%20VS%20Code/resources/app/out/vs/workbench/api/node/extensionHostProcess.js:29:121001)
    at Proxy.s.<computed>.n.charCodeAt.s.<computed> (file:///c:/Users/OFFICE/AppData/Local/Programs/Microsoft%20VS%20Code/resources/app/out/vs/workbench/api/node/extensionHostProcess.js:29:118495)
    at iy.g (file:///c:/Users/OFFICE/AppData/Local/Programs/Microsoft%20VS%20Code/resources/app/out/vs/workbench/api/node/extensionHostProcess.js:114:41101)
    at iy.executeCommand (file:///c:/Users/OFFICE/AppData/Local/Programs/Microsoft%20VS%20Code/resources/app/out/vs/workbench/api/node/extensionHostProcess.js:114:40605)
    at Object.executeCommand (file:///c:/Users/OFFICE/AppData/Local/Programs/Microsoft%20VS%20Code/resources/app/out/vs/workbench/api/node/extensionHostProcess.js:201:105071)
    at closeEntirePythagoraExtension (c:\Users\OFFICE\.vscode\extensions\pythagoratechnologies.pythagora-vs-code-2.5.22\out\extension.js:381:31)
    at Object.deactivate (c:\Users\OFFICE\.vscode\extensions\pythagoratechnologies.pythagora-vs-code-2.5.22\out\extension.js:291:15)
    at SZ.eb (file:///c:/Users/OFFICE/AppData/Local/Programs/Microsoft%20VS%20Code/resources/app/out/vs/workbench/api/node/extensionHostProcess.js:118:11797)
    at file:///c:/Users/OFFICE/AppData/Local/Programs/Microsoft%20VS%20Code/resources/app/out/vs/workbench/api/node/extensionHostProcess.js:118:9947
    at Array.map (<anonymous>)
    at SZ.$ (file:///c:/Users/OFFICE/AppData/Local/Programs/Microsoft%20VS%20Code/resources/app/out/vs/workbench/api/node/extensionHostProcess.js:118:9935)
    at SZ.terminate (file:///c:/Users/OFFICE/AppData/Local/Programs/Microsoft%20VS%20Code/resources/app/out/vs/workbench/api/node/extensionHostProcess.js:118:10178)
    at H3.terminate (file:///c:/Users/OFFICE/AppData/Local/Programs/Microsoft%20VS%20Code/resources/app/out/vs/workbench/api/node/extensionHostProcess.js:120:914)
    at Ss (file:///c:/Users/OFFICE/AppData/Local/Programs/Microsoft%20VS%20Code/resources/app/out/vs/workbench/api/node/extensionHostProcess.js:393:10409)
    at MessagePortMain.<anonymous> (file:///c:/Users/OFFICE/AppData/Local/Programs/Microsoft%20VS%20Code/resources/app/out/vs/workbench/api/node/extensionHostProcess.js:393:6948)
    at MessagePortMain.emit (node:events:519:28)
    at MessagePortMain.emit (node:domain:489:12)
    at Object.MessagePortMain._internalPort.emit (node:electron/js2c/utility_init:2:2949)
    at Object.topLevelDomainCallback (node:domain:161:15)
    at Object.callbackTrampoline (node:internal/async_hooks:128:24)
Extra context: {
  "message": "Canceled"
}
2025-10-22T09:26:42.550Z INFO SharedStateManager initialized
2025-10-22T09:26:42.551Z INFO Is remote: false
2025-10-22T09:26:42.552Z INFO Starting Local. Installation path: undefined
2025-10-22T09:26:42.554Z INFO [MainProvider] Creating new MainProvider instance...
2025-10-22T09:26:42.558Z INFO Installation path exists: e:\CDAC PREP 2025\CDAC\WPT\Assignments\Assignment No 02\Hotel Management
2025-10-22T09:26:42.560Z INFO Initializing database with URL: file:C:\Users\OFFICE\AppData\Local\Temp\pythagora-temp\pythagora.db
2025-10-22T09:26:42.567Z INFO New database detected, running full prisma setup...
2025-10-22T09:26:42.569Z INFO [c:\Users\OFFICE\.vscode\extensions\pythagoratechnologies.pythagora-vs-code-2.5.22] Project root:
2025-10-22T09:26:42.571Z INFO [c:\Users\OFFICE\.vscode\extensions\pythagoratechnologies.pythagora-vs-code-2.5.22\prisma\schema.prisma] Schema path:
2025-10-22T09:26:42.573Z INFO [file:C:\Users\OFFICE\AppData\Local\Temp\pythagora-temp\pythagora.db] Database URL:
2025-10-22T09:26:42.575Z INFO [true] Schema exists:
2025-10-22T09:26:42.577Z INFO Running prisma generate first...
2025-10-22T09:26:42.714Z ERROR Database initialization error
Error: Command failed: node "c:\Users\OFFICE\.vscode\extensions\pythagoratechnologies.pythagora-vs-code-2.5.22\node_modules\prisma\build\index.js" generate --schema="c:\Users\OFFICE\.vscode\extensions\pythagoratechnologies.pythagora-vs-code-2.5.22\prisma\schema.prisma"
'node' is not recognized as an internal or external command,
operable program or batch file.

Stack: Error: Command failed: node "c:\Users\OFFICE\.vscode\extensions\pythagoratechnologies.pythagora-vs-code-2.5.22\node_modules\prisma\build\index.js" generate --schema="c:\Users\OFFICE\.vscode\extensions\pythagoratechnologies.pythagora-vs-code-2.5.22\prisma\schema.prisma"
'node' is not recognized as an internal or external command,
operable program or batch file.

    at genericNodeError (node:internal/errors:983:15)
    at wrappedFn (node:internal/errors:537:14)
    at checkExecSyncError (node:child_process:948:11)
    at execSync (node:child_process:1020:15)
    at node:electron/js2c/node_init:2:17346
    at PrismaSession.ensureDatabaseSync (c:\Users\OFFICE\.vscode\extensions\pythagoratechnologies.pythagora-vs-code-2.5.22\out\core\CustomPrismaSession.js:91:65)
    at new PrismaSession (c:\Users\OFFICE\.vscode\extensions\pythagoratechnologies.pythagora-vs-code-2.5.22\out\core\CustomPrismaSession.js:17:18)
    at PrismaSession.getInstance (c:\Users\OFFICE\.vscode\extensions\pythagoratechnologies.pythagora-vs-code-2.5.22\out\core\CustomPrismaSession.js:28:38)
    at initializeDatabase (c:\Users\OFFICE\.vscode\extensions\pythagoratechnologies.pythagora-vs-code-2.5.22\out\extension.js:39:45)
    at activate (c:\Users\OFFICE\.vscode\extensions\pythagoratechnologies.pythagora-vs-code-2.5.22\out\extension.js:105:15)
    at Gb.n (file:///c:/Users/OFFICE/AppData/Local/Programs/Microsoft%20VS%20Code/resources/app/out/vs/workbench/api/node/extensionHostProcess.js:114:13382)
    at Gb.m (file:///c:/Users/OFFICE/AppData/Local/Programs/Microsoft%20VS%20Code/resources/app/out/vs/workbench/api/node/extensionHostProcess.js:114:13345)
    at Gb.l (file:///c:/Users/OFFICE/AppData/Local/Programs/Microsoft%20VS%20Code/resources/app/out/vs/workbench/api/node/extensionHostProcess.js:114:12801)
Extra context: {
  "stdout": "",
  "stderr": "'node' is not recognized as an internal or external command,\r\noperable program or batch file.\r\n",
  "signal": null,
  "message": "Command failed: node \"c:\\Users\\OFFICE\\.vscode\\extensions\\pythagoratechnologies.pythagora-vs-code-2.5.22\\node_modules\\prisma\\build\\index.js\" generate --schema=\"c:\\Users\\OFFICE\\.vscode\\extensions\\pythagoratechnologies.pythagora-vs-code-2.5.22\\prisma\\schema.prisma\"\n'node' is not recognized as an internal or external command,\r\noperable program or batch file.\r\n"
}
2025-10-22T09:26:42.744Z ERROR Failed to ensure database
Error: Command failed: node "c:\Users\OFFICE\.vscode\extensions\pythagoratechnologies.pythagora-vs-code-2.5.22\node_modules\prisma\build\index.js" generate --schema="c:\Users\OFFICE\.vscode\extensions\pythagoratechnologies.pythagora-vs-code-2.5.22\prisma\schema.prisma"
'node' is not recognized as an internal or external command,
operable program or batch file.

Stack: Error: Command failed: node "c:\Users\OFFICE\.vscode\extensions\pythagoratechnologies.pythagora-vs-code-2.5.22\node_modules\prisma\build\index.js" generate --schema="c:\Users\OFFICE\.vscode\extensions\pythagoratechnologies.pythagora-vs-code-2.5.22\prisma\schema.prisma"
'node' is not recognized as an internal or external command,
operable program or batch file.

    at genericNodeError (node:internal/errors:983:15)
    at wrappedFn (node:internal/errors:537:14)
    at checkExecSyncError (node:child_process:948:11)
    at execSync (node:child_process:1020:15)
    at node:electron/js2c/node_init:2:17346
    at PrismaSession.ensureDatabaseSync (c:\Users\OFFICE\.vscode\extensions\pythagoratechnologies.pythagora-vs-code-2.5.22\out\core\CustomPrismaSession.js:91:65)
    at new PrismaSession (c:\Users\OFFICE\.vscode\extensions\pythagoratechnologies.pythagora-vs-code-2.5.22\out\core\CustomPrismaSession.js:17:18)
    at PrismaSession.getInstance (c:\Users\OFFICE\.vscode\extensions\pythagoratechnologies.pythagora-vs-code-2.5.22\out\core\CustomPrismaSession.js:28:38)
    at initializeDatabase (c:\Users\OFFICE\.vscode\extensions\pythagoratechnologies.pythagora-vs-code-2.5.22\out\extension.js:39:45)
    at activate (c:\Users\OFFICE\.vscode\extensions\pythagoratechnologies.pythagora-vs-code-2.5.22\out\extension.js:105:15)
    at Gb.n (file:///c:/Users/OFFICE/AppData/Local/Programs/Microsoft%20VS%20Code/resources/app/out/vs/workbench/api/node/extensionHostProcess.js:114:13382)
    at Gb.m (file:///c:/Users/OFFICE/AppData/Local/Programs/Microsoft%20VS%20Code/resources/app/out/vs/workbench/api/node/extensionHostProcess.js:114:13345)
    at Gb.l (file:///c:/Users/OFFICE/AppData/Local/Programs/Microsoft%20VS%20Code/resources/app/out/vs/workbench/api/node/extensionHostProcess.js:114:12801)
Extra context: {
  "stdout": "",
  "stderr": "'node' is not recognized as an internal or external command,\r\noperable program or batch file.\r\n",
  "signal": null,
  "message": "Command failed: node \"c:\\Users\\OFFICE\\.vscode\\extensions\\pythagoratechnologies.pythagora-vs-code-2.5.22\\node_modules\\prisma\\build\\index.js\" generate --schema=\"c:\\Users\\OFFICE\\.vscode\\extensions\\pythagoratechnologies.pythagora-vs-code-2.5.22\\prisma\\schema.prisma\"\n'node' is not recognized as an internal or external command,\r\noperable program or batch file.\r\n"
}
2025-10-22T09:26:42.746Z INFO Database initialized successfully
2025-10-22T09:26:42.748Z INFO [Migration] Checking for database migration...
2025-10-22T09:26:42.749Z INFO [Migration] No migration needed
2025-10-22T09:40:07.233Z INFO Closing entire Pythagora extension...
2025-10-22T09:40:07.327Z ERROR Error closing extension
Error: Canceled
Stack: Canceled: Canceled
    at new MR (file:///c:/Users/OFFICE/AppData/Local/Programs/Microsoft%20VS%20Code/resources/app/out/vs/workbench/api/node/extensionHostProcess.js:29:116391)
    at U4.U (file:///c:/Users/OFFICE/AppData/Local/Programs/Microsoft%20VS%20Code/resources/app/out/vs/workbench/api/node/extensionHostProcess.js:29:121001)
    at Proxy.s.<computed>.n.charCodeAt.s.<computed> (file:///c:/Users/OFFICE/AppData/Local/Programs/Microsoft%20VS%20Code/resources/app/out/vs/workbench/api/node/extensionHostProcess.js:29:118495)
    at iy.g (file:///c:/Users/OFFICE/AppData/Local/Programs/Microsoft%20VS%20Code/resources/app/out/vs/workbench/api/node/extensionHostProcess.js:114:41101)
    at iy.executeCommand (file:///c:/Users/OFFICE/AppData/Local/Programs/Microsoft%20VS%20Code/resources/app/out/vs/workbench/api/node/extensionHostProcess.js:114:40605)
    at Object.executeCommand (file:///c:/Users/OFFICE/AppData/Local/Programs/Microsoft%20VS%20Code/resources/app/out/vs/workbench/api/node/extensionHostProcess.js:201:105071)
    at closeEntirePythagoraExtension (c:\Users\OFFICE\.vscode\extensions\pythagoratechnologies.pythagora-vs-code-2.5.22\out\extension.js:381:31)
    at Object.deactivate (c:\Users\OFFICE\.vscode\extensions\pythagoratechnologies.pythagora-vs-code-2.5.22\out\extension.js:291:15)
    at SZ.eb (file:///c:/Users/OFFICE/AppData/Local/Programs/Microsoft%20VS%20Code/resources/app/out/vs/workbench/api/node/extensionHostProcess.js:118:11797)
    at file:///c:/Users/OFFICE/AppData/Local/Programs/Microsoft%20VS%20Code/resources/app/out/vs/workbench/api/node/extensionHostProcess.js:118:9947
    at Array.map (<anonymous>)
    at SZ.$ (file:///c:/Users/OFFICE/AppData/Local/Programs/Microsoft%20VS%20Code/resources/app/out/vs/workbench/api/node/extensionHostProcess.js:118:9935)
    at SZ.terminate (file:///c:/Users/OFFICE/AppData/Local/Programs/Microsoft%20VS%20Code/resources/app/out/vs/workbench/api/node/extensionHostProcess.js:118:10178)
    at H3.terminate (file:///c:/Users/OFFICE/AppData/Local/Programs/Microsoft%20VS%20Code/resources/app/out/vs/workbench/api/node/extensionHostProcess.js:120:914)
    at Ss (file:///c:/Users/OFFICE/AppData/Local/Programs/Microsoft%20VS%20Code/resources/app/out/vs/workbench/api/node/extensionHostProcess.js:393:10409)
    at MessagePortMain.<anonymous> (file:///c:/Users/OFFICE/AppData/Local/Programs/Microsoft%20VS%20Code/resources/app/out/vs/workbench/api/node/extensionHostProcess.js:393:6948)
    at MessagePortMain.emit (node:events:519:28)
    at MessagePortMain.emit (node:domain:489:12)
    at Object.MessagePortMain._internalPort.emit (node:electron/js2c/utility_init:2:2949)
    at Object.topLevelDomainCallback (node:domain:161:15)
    at Object.callbackTrampoline (node:internal/async_hooks:128:24)
Extra context: {
  "message": "Canceled"
}
2025-10-22T09:40:31.100Z INFO SharedStateManager initialized
2025-10-22T09:40:31.102Z INFO Is remote: false
2025-10-22T09:40:31.103Z INFO Starting Local. Installation path: undefined
2025-10-22T09:40:31.104Z INFO [MainProvider] Creating new MainProvider instance...
2025-10-22T09:40:31.107Z INFO Installation path exists: e:\CDAC PREP 2025\CDAC\WPT\Assignments\Assignment No 02\Hotel Management
2025-10-22T09:40:31.109Z INFO Initializing database with URL: file:C:\Users\OFFICE\AppData\Local\Temp\pythagora-temp\pythagora.db
2025-10-22T09:40:31.118Z INFO New database detected, running full prisma setup...
2025-10-22T09:40:31.119Z INFO [c:\Users\OFFICE\.vscode\extensions\pythagoratechnologies.pythagora-vs-code-2.5.22] Project root:
2025-10-22T09:40:31.120Z INFO [c:\Users\OFFICE\.vscode\extensions\pythagoratechnologies.pythagora-vs-code-2.5.22\prisma\schema.prisma] Schema path:
2025-10-22T09:40:31.121Z INFO [file:C:\Users\OFFICE\AppData\Local\Temp\pythagora-temp\pythagora.db] Database URL:
2025-10-22T09:40:31.121Z INFO [true] Schema exists:
2025-10-22T09:40:31.122Z INFO Running prisma generate first...
2025-10-22T09:40:31.223Z ERROR Database initialization error
Error: Command failed: node "c:\Users\OFFICE\.vscode\extensions\pythagoratechnologies.pythagora-vs-code-2.5.22\node_modules\prisma\build\index.js" generate --schema="c:\Users\OFFICE\.vscode\extensions\pythagoratechnologies.pythagora-vs-code-2.5.22\prisma\schema.prisma"
'node' is not recognized as an internal or external command,
operable program or batch file.

Stack: Error: Command failed: node "c:\Users\OFFICE\.vscode\extensions\pythagoratechnologies.pythagora-vs-code-2.5.22\node_modules\prisma\build\index.js" generate --schema="c:\Users\OFFICE\.vscode\extensions\pythagoratechnologies.pythagora-vs-code-2.5.22\prisma\schema.prisma"
'node' is not recognized as an internal or external command,
operable program or batch file.

    at genericNodeError (node:internal/errors:983:15)
    at wrappedFn (node:internal/errors:537:14)
    at checkExecSyncError (node:child_process:948:11)
    at execSync (node:child_process:1020:15)
    at node:electron/js2c/node_init:2:17346
    at PrismaSession.ensureDatabaseSync (c:\Users\OFFICE\.vscode\extensions\pythagoratechnologies.pythagora-vs-code-2.5.22\out\core\CustomPrismaSession.js:91:65)
    at new PrismaSession (c:\Users\OFFICE\.vscode\extensions\pythagoratechnologies.pythagora-vs-code-2.5.22\out\core\CustomPrismaSession.js:17:18)
    at PrismaSession.getInstance (c:\Users\OFFICE\.vscode\extensions\pythagoratechnologies.pythagora-vs-code-2.5.22\out\core\CustomPrismaSession.js:28:38)
    at initializeDatabase (c:\Users\OFFICE\.vscode\extensions\pythagoratechnologies.pythagora-vs-code-2.5.22\out\extension.js:39:45)
    at activate (c:\Users\OFFICE\.vscode\extensions\pythagoratechnologies.pythagora-vs-code-2.5.22\out\extension.js:105:15)
    at Gb.n (file:///c:/Users/OFFICE/AppData/Local/Programs/Microsoft%20VS%20Code/resources/app/out/vs/workbench/api/node/extensionHostProcess.js:114:13382)
    at Gb.m (file:///c:/Users/OFFICE/AppData/Local/Programs/Microsoft%20VS%20Code/resources/app/out/vs/workbench/api/node/extensionHostProcess.js:114:13345)
    at Gb.l (file:///c:/Users/OFFICE/AppData/Local/Programs/Microsoft%20VS%20Code/resources/app/out/vs/workbench/api/node/extensionHostProcess.js:114:12801)
Extra context: {
  "stdout": "",
  "stderr": "'node' is not recognized as an internal or external command,\r\noperable program or batch file.\r\n",
  "signal": null,
  "message": "Command failed: node \"c:\\Users\\OFFICE\\.vscode\\extensions\\pythagoratechnologies.pythagora-vs-code-2.5.22\\node_modules\\prisma\\build\\index.js\" generate --schema=\"c:\\Users\\OFFICE\\.vscode\\extensions\\pythagoratechnologies.pythagora-vs-code-2.5.22\\prisma\\schema.prisma\"\n'node' is not recognized as an internal or external command,\r\noperable program or batch file.\r\n"
}
2025-10-22T09:40:31.238Z ERROR Failed to ensure database
Error: Command failed: node "c:\Users\OFFICE\.vscode\extensions\pythagoratechnologies.pythagora-vs-code-2.5.22\node_modules\prisma\build\index.js" generate --schema="c:\Users\OFFICE\.vscode\extensions\pythagoratechnologies.pythagora-vs-code-2.5.22\prisma\schema.prisma"
'node' is not recognized as an internal or external command,
operable program or batch file.

Stack: Error: Command failed: node "c:\Users\OFFICE\.vscode\extensions\pythagoratechnologies.pythagora-vs-code-2.5.22\node_modules\prisma\build\index.js" generate --schema="c:\Users\OFFICE\.vscode\extensions\pythagoratechnologies.pythagora-vs-code-2.5.22\prisma\schema.prisma"
'node' is not recognized as an internal or external command,
operable program or batch file.

    at genericNodeError (node:internal/errors:983:15)
    at wrappedFn (node:internal/errors:537:14)
    at checkExecSyncError (node:child_process:948:11)
    at execSync (node:child_process:1020:15)
    at node:electron/js2c/node_init:2:17346
    at PrismaSession.ensureDatabaseSync (c:\Users\OFFICE\.vscode\extensions\pythagoratechnologies.pythagora-vs-code-2.5.22\out\core\CustomPrismaSession.js:91:65)
    at new PrismaSession (c:\Users\OFFICE\.vscode\extensions\pythagoratechnologies.pythagora-vs-code-2.5.22\out\core\CustomPrismaSession.js:17:18)
    at PrismaSession.getInstance (c:\Users\OFFICE\.vscode\extensions\pythagoratechnologies.pythagora-vs-code-2.5.22\out\core\CustomPrismaSession.js:28:38)
    at initializeDatabase (c:\Users\OFFICE\.vscode\extensions\pythagoratechnologies.pythagora-vs-code-2.5.22\out\extension.js:39:45)
    at activate (c:\Users\OFFICE\.vscode\extensions\pythagoratechnologies.pythagora-vs-code-2.5.22\out\extension.js:105:15)
    at Gb.n (file:///c:/Users/OFFICE/AppData/Local/Programs/Microsoft%20VS%20Code/resources/app/out/vs/workbench/api/node/extensionHostProcess.js:114:13382)
    at Gb.m (file:///c:/Users/OFFICE/AppData/Local/Programs/Microsoft%20VS%20Code/resources/app/out/vs/workbench/api/node/extensionHostProcess.js:114:13345)
    at Gb.l (file:///c:/Users/OFFICE/AppData/Local/Programs/Microsoft%20VS%20Code/resources/app/out/vs/workbench/api/node/extensionHostProcess.js:114:12801)
Extra context: {
  "stdout": "",
  "stderr": "'node' is not recognized as an internal or external command,\r\noperable program or batch file.\r\n",
  "signal": null,
  "message": "Command failed: node \"c:\\Users\\OFFICE\\.vscode\\extensions\\pythagoratechnologies.pythagora-vs-code-2.5.22\\node_modules\\prisma\\build\\index.js\" generate --schema=\"c:\\Users\\OFFICE\\.vscode\\extensions\\pythagoratechnologies.pythagora-vs-code-2.5.22\\prisma\\schema.prisma\"\n'node' is not recognized as an internal or external command,\r\noperable program or batch file.\r\n"
}
2025-10-22T09:40:31.239Z INFO Database initialized successfully
2025-10-22T09:40:31.240Z INFO [Migration] Checking for database migration...
2025-10-22T09:40:31.241Z INFO [Migration] No migration needed
2025-10-22T12:56:59.688Z INFO Closing entire Pythagora extension...
2025-10-22T12:56:59.902Z ERROR Error closing extension
Error: Canceled
Stack: Canceled: Canceled
    at new MR (file:///c:/Users/OFFICE/AppData/Local/Programs/Microsoft%20VS%20Code/resources/app/out/vs/workbench/api/node/extensionHostProcess.js:29:116391)
    at U4.U (file:///c:/Users/OFFICE/AppData/Local/Programs/Microsoft%20VS%20Code/resources/app/out/vs/workbench/api/node/extensionHostProcess.js:29:121001)
    at Proxy.s.<computed>.n.charCodeAt.s.<computed> (file:///c:/Users/OFFICE/AppData/Local/Programs/Microsoft%20VS%20Code/resources/app/out/vs/workbench/api/node/extensionHostProcess.js:29:118495)
    at iy.g (file:///c:/Users/OFFICE/AppData/Local/Programs/Microsoft%20VS%20Code/resources/app/out/vs/workbench/api/node/extensionHostProcess.js:114:41101)
    at iy.executeCommand (file:///c:/Users/OFFICE/AppData/Local/Programs/Microsoft%20VS%20Code/resources/app/out/vs/workbench/api/node/extensionHostProcess.js:114:40605)
    at Object.executeCommand (file:///c:/Users/OFFICE/AppData/Local/Programs/Microsoft%20VS%20Code/resources/app/out/vs/workbench/api/node/extensionHostProcess.js:201:105071)
    at closeEntirePythagoraExtension (c:\Users\OFFICE\.vscode\extensions\pythagoratechnologies.pythagora-vs-code-2.5.22\out\extension.js:381:31)
    at Object.deactivate (c:\Users\OFFICE\.vscode\extensions\pythagoratechnologies.pythagora-vs-code-2.5.22\out\extension.js:291:15)
    at SZ.eb (file:///c:/Users/OFFICE/AppData/Local/Programs/Microsoft%20VS%20Code/resources/app/out/vs/workbench/api/node/extensionHostProcess.js:118:11797)
    at file:///c:/Users/OFFICE/AppData/Local/Programs/Microsoft%20VS%20Code/resources/app/out/vs/workbench/api/node/extensionHostProcess.js:118:9947
    at Array.map (<anonymous>)
    at SZ.$ (file:///c:/Users/OFFICE/AppData/Local/Programs/Microsoft%20VS%20Code/resources/app/out/vs/workbench/api/node/extensionHostProcess.js:118:9935)
    at SZ.terminate (file:///c:/Users/OFFICE/AppData/Local/Programs/Microsoft%20VS%20Code/resources/app/out/vs/workbench/api/node/extensionHostProcess.js:118:10178)
    at H3.terminate (file:///c:/Users/OFFICE/AppData/Local/Programs/Microsoft%20VS%20Code/resources/app/out/vs/workbench/api/node/extensionHostProcess.js:120:914)
    at Ss (file:///c:/Users/OFFICE/AppData/Local/Programs/Microsoft%20VS%20Code/resources/app/out/vs/workbench/api/node/extensionHostProcess.js:393:10409)
    at MessagePortMain.<anonymous> (file:///c:/Users/OFFICE/AppData/Local/Programs/Microsoft%20VS%20Code/resources/app/out/vs/workbench/api/node/extensionHostProcess.js:393:6948)
    at MessagePortMain.emit (node:events:519:28)
    at MessagePortMain.emit (node:domain:489:12)
    at Object.MessagePortMain._internalPort.emit (node:electron/js2c/utility_init:2:2949)
    at Object.topLevelDomainCallback (node:domain:161:15)
    at Object.callbackTrampoline (node:internal/async_hooks:128:24)
Extra context: {
  "message": "Canceled"
}
2025-10-26T09:28:48.305Z INFO SharedStateManager initialized
2025-10-26T09:28:48.349Z INFO Is remote: false
2025-10-26T09:28:48.349Z INFO Starting Local. Installation path: undefined
2025-10-26T09:28:48.350Z INFO [MainProvider] Creating new MainProvider instance...
2025-10-26T09:28:48.352Z INFO Installation path exists: e:\CDAC PREP 2025\CDAC\WPT\Assignments\Assignment No 02\Hotel Management
2025-10-26T09:28:48.353Z INFO Initializing database with URL: file:C:\Users\OFFICE\AppData\Local\Temp\pythagora-temp\pythagora.db
2025-10-26T09:28:48.359Z INFO Database file exists, skipping prisma generate/push for faster startup
2025-10-26T09:28:48.360Z INFO Database initialized successfully
2025-10-26T09:28:48.361Z INFO [Migration] Checking for database migration...
2025-10-26T09:28:48.596Z INFO [Migration] No migration needed
2025-10-26T09:29:05.257Z INFO Closing entire Pythagora extension...
2025-10-26T09:29:05.261Z ERROR Error closing extension
Error: Canceled
Stack: Canceled: Canceled
    at new MR (file:///c:/Users/OFFICE/AppData/Local/Programs/Microsoft%20VS%20Code/resources/app/out/vs/workbench/api/node/extensionHostProcess.js:29:116391)
    at U4.U (file:///c:/Users/OFFICE/AppData/Local/Programs/Microsoft%20VS%20Code/resources/app/out/vs/workbench/api/node/extensionHostProcess.js:29:121001)
    at Proxy.s.<computed>.n.charCodeAt.s.<computed> (file:///c:/Users/OFFICE/AppData/Local/Programs/Microsoft%20VS%20Code/resources/app/out/vs/workbench/api/node/extensionHostProcess.js:29:118495)
    at iy.g (file:///c:/Users/OFFICE/AppData/Local/Programs/Microsoft%20VS%20Code/resources/app/out/vs/workbench/api/node/extensionHostProcess.js:114:41101)
    at iy.executeCommand (file:///c:/Users/OFFICE/AppData/Local/Programs/Microsoft%20VS%20Code/resources/app/out/vs/workbench/api/node/extensionHostProcess.js:114:40605)
    at Object.executeCommand (file:///c:/Users/OFFICE/AppData/Local/Programs/Microsoft%20VS%20Code/resources/app/out/vs/workbench/api/node/extensionHostProcess.js:201:105071)
    at closeEntirePythagoraExtension (c:\Users\OFFICE\.vscode\extensions\pythagoratechnologies.pythagora-vs-code-2.5.24\out\extension.js:390:31)
    at Object.deactivate (c:\Users\OFFICE\.vscode\extensions\pythagoratechnologies.pythagora-vs-code-2.5.24\out\extension.js:295:15)
    at SZ.eb (file:///c:/Users/OFFICE/AppData/Local/Programs/Microsoft%20VS%20Code/resources/app/out/vs/workbench/api/node/extensionHostProcess.js:118:11797)
    at file:///c:/Users/OFFICE/AppData/Local/Programs/Microsoft%20VS%20Code/resources/app/out/vs/workbench/api/node/extensionHostProcess.js:118:9947
    at Array.map (<anonymous>)
    at SZ.$ (file:///c:/Users/OFFICE/AppData/Local/Programs/Microsoft%20VS%20Code/resources/app/out/vs/workbench/api/node/extensionHostProcess.js:118:9935)
    at SZ.terminate (file:///c:/Users/OFFICE/AppData/Local/Programs/Microsoft%20VS%20Code/resources/app/out/vs/workbench/api/node/extensionHostProcess.js:118:10178)
    at H3.terminate (file:///c:/Users/OFFICE/AppData/Local/Programs/Microsoft%20VS%20Code/resources/app/out/vs/workbench/api/node/extensionHostProcess.js:120:914)
    at Ss (file:///c:/Users/OFFICE/AppData/Local/Programs/Microsoft%20VS%20Code/resources/app/out/vs/workbench/api/node/extensionHostProcess.js:393:10409)
    at MessagePortMain.<anonymous> (file:///c:/Users/OFFICE/AppData/Local/Programs/Microsoft%20VS%20Code/resources/app/out/vs/workbench/api/node/extensionHostProcess.js:393:6948)
    at MessagePortMain.emit (node:events:519:28)
    at MessagePortMain.emit (node:domain:489:12)
    at Object.MessagePortMain._internalPort.emit (node:electron/js2c/utility_init:2:2949)
Extra context: {
  "message": "Canceled"
}
2025-10-26T09:31:12.697Z INFO SharedStateManager initialized
2025-10-26T09:31:12.755Z INFO Is remote: false
2025-10-26T09:31:12.756Z INFO Starting Local. Installation path: undefined
2025-10-26T09:31:12.757Z INFO [MainProvider] Creating new MainProvider instance...
2025-10-26T09:31:12.759Z INFO Installation path exists: e:\CDAC PREP 2025\CDAC\WPT\Assignments\Assignment No 02\New folder
2025-10-26T09:31:12.760Z INFO Initializing database with URL: file:C:\Users\OFFICE\AppData\Local\Temp\pythagora-temp\pythagora.db
2025-10-26T09:31:12.765Z INFO Database file exists, skipping prisma generate/push for faster startup
2025-10-26T09:31:12.766Z INFO Database initialized successfully
2025-10-26T09:31:12.767Z INFO [Migration] Checking for database migration...
2025-10-26T09:31:13.046Z INFO [Migration] No migration needed
2025-10-26T09:32:24.802Z INFO Closing entire Pythagora extension...
2025-10-26T09:32:24.827Z ERROR Error closing extension
Error: Canceled
Stack: Canceled: Canceled
    at new MR (file:///c:/Users/OFFICE/AppData/Local/Programs/Microsoft%20VS%20Code/resources/app/out/vs/workbench/api/node/extensionHostProcess.js:29:116391)
    at U4.U (file:///c:/Users/OFFICE/AppData/Local/Programs/Microsoft%20VS%20Code/resources/app/out/vs/workbench/api/node/extensionHostProcess.js:29:121001)
    at Proxy.s.<computed>.n.charCodeAt.s.<computed> (file:///c:/Users/OFFICE/AppData/Local/Programs/Microsoft%20VS%20Code/resources/app/out/vs/workbench/api/node/extensionHostProcess.js:29:118495)
    at iy.g (file:///c:/Users/OFFICE/AppData/Local/Programs/Microsoft%20VS%20Code/resources/app/out/vs/workbench/api/node/extensionHostProcess.js:114:41101)
    at iy.executeCommand (file:///c:/Users/OFFICE/AppData/Local/Programs/Microsoft%20VS%20Code/resources/app/out/vs/workbench/api/node/extensionHostProcess.js:114:40605)
    at Object.executeCommand (file:///c:/Users/OFFICE/AppData/Local/Programs/Microsoft%20VS%20Code/resources/app/out/vs/workbench/api/node/extensionHostProcess.js:201:105071)
    at closeEntirePythagoraExtension (c:\Users\OFFICE\.vscode\extensions\pythagoratechnologies.pythagora-vs-code-2.5.24\out\extension.js:390:31)
    at Object.deactivate (c:\Users\OFFICE\.vscode\extensions\pythagoratechnologies.pythagora-vs-code-2.5.24\out\extension.js:295:15)
    at SZ.eb (file:///c:/Users/OFFICE/AppData/Local/Programs/Microsoft%20VS%20Code/resources/app/out/vs/workbench/api/node/extensionHostProcess.js:118:11797)
    at file:///c:/Users/OFFICE/AppData/Local/Programs/Microsoft%20VS%20Code/resources/app/out/vs/workbench/api/node/extensionHostProcess.js:118:9947
    at Array.map (<anonymous>)
    at SZ.$ (file:///c:/Users/OFFICE/AppData/Local/Programs/Microsoft%20VS%20Code/resources/app/out/vs/workbench/api/node/extensionHostProcess.js:118:9935)
    at SZ.terminate (file:///c:/Users/OFFICE/AppData/Local/Programs/Microsoft%20VS%20Code/resources/app/out/vs/workbench/api/node/extensionHostProcess.js:118:10178)
    at H3.terminate (file:///c:/Users/OFFICE/AppData/Local/Programs/Microsoft%20VS%20Code/resources/app/out/vs/workbench/api/node/extensionHostProcess.js:120:914)
    at Ss (file:///c:/Users/OFFICE/AppData/Local/Programs/Microsoft%20VS%20Code/resources/app/out/vs/workbench/api/node/extensionHostProcess.js:393:10409)
    at MessagePortMain.<anonymous> (file:///c:/Users/OFFICE/AppData/Local/Programs/Microsoft%20VS%20Code/resources/app/out/vs/workbench/api/node/extensionHostProcess.js:393:6948)
    at MessagePortMain.emit (node:events:519:28)
    at MessagePortMain.emit (node:domain:489:12)
    at Object.MessagePortMain._internalPort.emit (node:electron/js2c/utility_init:2:2949)
Extra context: {
  "message": "Canceled"
}
